Warning found:
in module [33mMain[0m
at tests/purs/warning/4256.purs:7:1 - 7:37 (line 7, column 1 - line 7, column 37)

  No type declaration was provided for the top-level declaration of [33maddNumberSuffix'[0m.
  It is good practice to provide type declarations as a form of documentation.
  The inferred type of [33maddNumberSuffix'[0m was:
  [33m                                        [0m
  [33m  forall b6 c7 d8. b6 -> c7 -> d8 -> Int[0m
  [33m                                        [0m

in value declaration [33maddNumberSuffix'[0m

See https://github.com/purescript/documentation/blob/master/errors/MissingTypeDeclaration.md for more information,
or to contribute content related to this warning.

